SQL> startup nomount pfile="/u01/app/ora256/admin/WCHEN/scripts/init.ora";
ORA-01261: Parameter db_recovery_file_dest destination string cannot be translated
ORA-01262: Stat failed on a file destination directory
SVR4 Error: 13: Permission denied
SQL> CREATE DATABASE "WCHEN"
  2  MAXINSTANCES 8
  3  MAXLOGHISTORY 1
  4  MAXLOGFILES 16
  5  MAXLOGMEMBERS 3
  6  MAXDATAFILES 50
  7  DATAFILE '/u01/oradata/WCHEN/system01.dbf' SIZE 700M REUSE AUTOEXTEND ON NEXT  10240K MAXSIZE UNLIMITED
  8  EXTENT MANAGEMENT LOCAL
  9  SYSAUX DATAFILE '/u01/oradata/WCHEN/sysaux01.dbf' SIZE 600M REUSE AUTOEXTEND ON NEXT  10240K MAXSIZE UNLIMITED
 10  SMALLFILE DEFAULT TEMPORARY TABLESPACE TEMP TEMPFILE '/u01/oradata/WCHEN/temp01.dbf' SIZE 20M REUSE AUTOEXTEND ON NEXT  640K MAXSIZE UNLIMITED
 11  SMALLFILE UNDO TABLESPACE "UNDOTBS1" DATAFILE '/u01/oradata/WCHEN/undotbs01.dbf' SIZE 200M REUSE AUTOEXTEND ON NEXT  5120K MAXSIZE UNLIMITED
 12  CHARACTER SET WE8MSWIN1252
 13  NATIONAL CHARACTER SET AL16UTF16
 14  LOGFILE GROUP 1 ('/u01/oradata/WCHEN/redo01.log') SIZE 51200K,
 15  GROUP 2 ('/u01/oradata/WCHEN/redo02.log') SIZE 51200K,
 16  GROUP 3 ('/u01/oradata/WCHEN/redo03.log') SIZE 51200K
 17  USER SYS IDENTIFIED BY "&&sysPassword" USER SYSTEM IDENTIFIED BY "&&systemPassword";
CREATE DATABASE "WCHEN"
*
ERROR at line 1:
ORA-01034: ORACLE not available 
Process ID: 0 
Session ID: 0 Serial number: 0 


SQL> spool off
SQL> startup nomount pfile="/u01/app/ora256/admin/WCHEN/scripts/init.ora";
ORA-01261: Parameter db_recovery_file_dest destination string cannot be translated
ORA-01262: Stat failed on a file destination directory
SVR4 Error: 13: Permission denied
SQL> CREATE DATABASE "WCHEN"
  2  MAXINSTANCES 8
  3  MAXLOGHISTORY 1
  4  MAXLOGFILES 16
  5  MAXLOGMEMBERS 3
  6  MAXDATAFILES 50
  7  DATAFILE '/u01/oradata/WCHEN/system01.dbf' SIZE 700M REUSE AUTOEXTEND ON NEXT  10240K MAXSIZE UNLIMITED
  8  EXTENT MANAGEMENT LOCAL
  9  SYSAUX DATAFILE '/u01/oradata/WCHEN/sysaux01.dbf' SIZE 600M REUSE AUTOEXTEND ON NEXT  10240K MAXSIZE UNLIMITED
 10  SMALLFILE DEFAULT TEMPORARY TABLESPACE TEMP TEMPFILE '/u01/oradata/WCHEN/temp01.dbf' SIZE 20M REUSE AUTOEXTEND ON NEXT  640K MAXSIZE UNLIMITED
 11  SMALLFILE UNDO TABLESPACE "UNDOTBS1" DATAFILE '/u01/oradata/WCHEN/undotbs01.dbf' SIZE 200M REUSE AUTOEXTEND ON NEXT  5120K MAXSIZE UNLIMITED
 12  CHARACTER SET WE8MSWIN1252
 13  NATIONAL CHARACTER SET AL16UTF16
 14  LOGFILE GROUP 1 ('/u01/oradata/WCHEN/redo01.log') SIZE 51200K,
 15  GROUP 2 ('/u01/oradata/WCHEN/redo02.log') SIZE 51200K,
 16  GROUP 3 ('/u01/oradata/WCHEN/redo03.log') SIZE 51200K
 17  USER SYS IDENTIFIED BY "&&sysPassword" USER SYSTEM IDENTIFIED BY "&&systemPassword";
CREATE DATABASE "WCHEN"
*
ERROR at line 1:
ORA-01034: ORACLE not available 
Process ID: 0 
Session ID: 0 Serial number: 0 


SQL> spool off
